** Drc report for 10.28.25 V2 Wifi PCB.kicad_pcb **
** Created on 2026-06-22T10:26:40-0400 **

** Found 69 DRC violations **
[track_dangling]: Track has unconnected end
    Local override; warning
    @(31.2017 mm, 66.1733 mm): Track [Net-(LED1-Pad1)] on F.Cu, length 0.8267 mm
[track_dangling]: Track has unconnected end
    Local override; warning
    @(31.2017 mm, 67.0000 mm): Track [Net-(LED1-Pad1)] on F.Cu, length 0.8267 mm
[track_dangling]: Track has unconnected end
    Local override; warning
    @(56.0059 mm, 64.4368 mm): Track [/CS_RX2] on B.Cu, length 5.5424 mm
[track_dangling]: Track has unconnected end
    Local override; warning
    @(50.7027 mm, 69.1273 mm): Track [/CS_RX2] on B.Cu, length 0.4572 mm
[clearance]: Clearance violation (netclass 'Power' clearance 0.1500 mm; actual 0.0620 mm)
    Rule: netclass 'Power'; error
    @(50.2120 mm, 91.8856 mm): Via [GND] on F.Cu - B.Cu
    @(49.6000 mm, 112.5140 mm): Track [/VBUS3] on F.Cu, length 21.8063 mm
[clearance]: Clearance violation (netclass 'Power' clearance 0.1500 mm; actual 0.0040 mm)
    Rule: netclass 'Power'; error
    @(83.5000 mm, 112.5142 mm): Pad A7 [Net-(IC2-I/O2_1)] of J2 on F.Cu
    @(83.0000 mm, 112.5140 mm): Track [GND] on F.Cu, length 1.1503 mm
[clearance]: Clearance violation (netclass 'Power' clearance 0.1500 mm; actual 0.1005 mm)
    Rule: netclass 'Power'; error
    @(51.3000 mm, 91.0500 mm): Via [GND] on F.Cu - B.Cu
    @(51.5107 mm, 90.3408 mm): Track [/VBUS3] on F.Cu, length 1.0431 mm
[clearance]: Clearance violation (netclass 'RF' clearance 0.1500 mm; actual 0.0722 mm)
    Rule: netclass 'RF'; error
    @(119.7810 mm, 59.0000 mm): Track [GND] on F.Cu, length 0.8500 mm
    @(119.2190 mm, 59.0000 mm): Pad 1 [Net-(U4-LNA_IN)] of C23 on F.Cu
[clearance]: Clearance violation (netclass 'USB' clearance 0.1500 mm; actual 0.1383 mm)
    Rule: netclass 'USB'; error
    @(54.4250 mm, 69.5237 mm): Via [GND] on F.Cu - B.Cu
    @(54.9883 mm, 59.5888 mm): Track [/D3+] on B.Cu, length 31.0002 mm
[clearance]: Clearance violation (netclass 'Power' clearance 0.1500 mm; actual 0.0058 mm)
    Rule: netclass 'Power'; error
    @(12.2000 mm, 75.0789 mm): Track [Net-(J1-POWER)] on F.Cu, length 1.8229 mm
    @(11.1700 mm, 74.5231 mm): Via [GND] on F.Cu - B.Cu
[clearance]: Clearance violation (netclass 'RF' clearance 0.1500 mm; actual 0.1325 mm)
    Rule: netclass 'RF'; error
    @(48.9175 mm, 52.9170 mm): Via [/Power2] on F.Cu - B.Cu
    @(49.5250 mm, 52.3700 mm): Track [Net-(C34-Pad1)] on F.Cu, length 5.1741 mm
[clearance]: Clearance violation (netclass 'Power' clearance 0.1500 mm; actual 0.0043 mm)
    Rule: netclass 'Power'; error
    @(114.7500 mm, 112.5142 mm): Pad A7 [Net-(IC3-I/O2_1)] of J3 on F.Cu
    @(114.2500 mm, 112.5140 mm): Track [GND] on F.Cu, length 1.1502 mm
[clearance]: Clearance violation (netclass 'Power' clearance 0.1500 mm; actual 0.0042 mm)
    Rule: netclass 'Power'; error
    @(115.2500 mm, 112.5140 mm): Track [GND] on F.Cu, length 1.1502 mm
    @(115.7500 mm, 112.5142 mm): Pad A8 [unconnected-(J3-SBU1-PadA8)] of J3 on F.Cu
[clearance]: Clearance violation (netclass 'Power' clearance 0.1500 mm; actual 0.1252 mm)
    Rule: netclass 'Power'; error
    @(114.7480 mm, 91.0430 mm): Track [/VBUS2] on F.Cu, length 0.9955 mm
    @(113.8000 mm, 91.0500 mm): Via [GND] on F.Cu - B.Cu
[clearance]: Clearance violation (netclass 'Power' clearance 0.1500 mm; actual 0.1205 mm)
    Rule: netclass 'Power'; error
    @(91.4483 mm, 66.5000 mm): Track [/Power1] on F.Cu, length 1.2845 mm
    @(90.5000 mm, 66.5000 mm): Via [GND] on F.Cu - B.Cu
[clearance]: Clearance violation (netclass 'Power' clearance 0.1500 mm; actual 0.0040 mm)
    Rule: netclass 'Power'; error
    @(84.5000 mm, 112.5142 mm): Pad A8 [unconnected-(J2-SBU1-PadA8)] of J2 on F.Cu
    @(84.0000 mm, 112.5140 mm): Track [GND] on F.Cu, length 1.1503 mm
[clearance]: Clearance violation (netclass 'Power' clearance 0.1500 mm; actual 0.0040 mm)
    Rule: netclass 'Power'; error
    @(53.2500 mm, 112.5142 mm): Pad A8 [unconnected-(J4-SBU1-PadA8)] of J4 on F.Cu
    @(52.7500 mm, 112.5140 mm): Track [GND] on F.Cu, length 1.1503 mm
[clearance]: Clearance violation (netclass 'Power' clearance 0.1500 mm; actual 0.0620 mm)
    Rule: netclass 'Power'; error
    @(112.7120 mm, 91.8856 mm): Via [GND] on F.Cu - B.Cu
    @(112.1000 mm, 90.6853 mm): Track [/VBUS2] on F.Cu, length 21.8287 mm
[clearance]: Clearance violation (netclass 'RF' clearance 0.1500 mm; actual 0.1320 mm)
    Rule: netclass 'RF'; error
    @(112.0250 mm, 52.3700 mm): Track [Net-(C22-Pad1)] on F.Cu, length 2.1104 mm
    @(111.4180 mm, 52.9170 mm): Via [/Power2] on F.Cu - B.Cu
[clearance]: Clearance violation (netclass 'Power' clearance 0.1500 mm; actual 0.0041 mm)
    Rule: netclass 'Power'; error
    @(51.7500 mm, 112.5140 mm): Track [GND] on F.Cu, length 1.1503 mm
    @(52.2500 mm, 112.5142 mm): Pad A7 [Net-(IC4-I/O2_1)] of J4 on F.Cu
[clearance]: Clearance violation (netclass 'RF' clearance 0.1500 mm; actual 0.1000 mm)
    Rule: netclass 'RF'; error
    @(54.0000 mm, 52.3500 mm): Pad 1 [Net-(U5-LNA_IN)] of L6 on F.Cu
    @(54.0000 mm, 51.6500 mm): Pad 2 [Net-(C36-Pad1)] of L6 on F.Cu
[clearance]: Clearance violation (netclass 'RF' clearance 0.1500 mm; actual 0.1000 mm)
    Rule: netclass 'RF'; error
    @(79.7500 mm, 55.3500 mm): Pad 1 [Net-(U3-LNA_IN)] of L2 on F.Cu
    @(79.7500 mm, 54.6500 mm): Pad 2 [Net-(C17-Pad1)] of L2 on F.Cu
[clearance]: Clearance violation (netclass 'RF' clearance 0.1500 mm; actual 0.1000 mm)
    Rule: netclass 'RF'; error
    @(116.5000 mm, 52.3500 mm): Pad 1 [Net-(U4-LNA_IN)] of L4 on F.Cu
    @(116.5000 mm, 51.6500 mm): Pad 2 [Net-(C24-Pad1)] of L4 on F.Cu
[courtyards_overlap]: Courtyards overlap
    Rule: board setup constraints courtyard; error
    @(10.0000 mm, 74.0000 mm): Footprint C1
    @(13.0000 mm, 74.0000 mm): Footprint C2
[courtyards_overlap]: Courtyards overlap
    Rule: board setup constraints courtyard; error
    @(108.5000 mm, 70.0000 mm): Footprint C21
    @(112.5000 mm, 70.0000 mm): Footprint C28
[courtyards_overlap]: Courtyards overlap
    Rule: board setup constraints courtyard; error
    @(47.0000 mm, 111.0000 mm): Footprint R5
    @(52.0000 mm, 116.0000 mm): Footprint J4
[courtyards_overlap]: Courtyards overlap
    Rule: board setup constraints courtyard; error
    @(116.5000 mm, 66.5000 mm): Footprint C14
    @(114.5000 mm, 62.0000 mm): Footprint U4
[courtyards_overlap]: Courtyards overlap
    Rule: board setup constraints courtyard; error
    @(85.2500 mm, 66.5000 mm): Footprint C9
    @(83.2500 mm, 62.0000 mm): Footprint U3
[courtyards_overlap]: Courtyards overlap
    Rule: board setup constraints courtyard; error
    @(54.0000 mm, 66.5000 mm): Footprint C33
    @(58.0000 mm, 66.5000 mm): Footprint C38
[courtyards_overlap]: Courtyards overlap
    Rule: board setup constraints courtyard; error
    @(54.0000 mm, 66.5000 mm): Footprint C33
    @(52.0000 mm, 62.0000 mm): Footprint U5
[courtyards_overlap]: Courtyards overlap
    Rule: board setup constraints courtyard; error
    @(114.5000 mm, 116.0000 mm): Footprint J3
    @(109.5000 mm, 111.0000 mm): Footprint R3
[courtyards_overlap]: Courtyards overlap
    Rule: board setup constraints courtyard; error
    @(114.5000 mm, 116.0000 mm): Footprint J3
    @(119.5000 mm, 111.0000 mm): Footprint R4
[courtyards_overlap]: Courtyards overlap
    Rule: board setup constraints courtyard; error
    @(88.2500 mm, 111.0000 mm): Footprint R1
    @(83.2500 mm, 116.0000 mm): Footprint J2
[courtyards_overlap]: Courtyards overlap
    Rule: board setup constraints courtyard; error
    @(16.0000 mm, 74.0000 mm): Footprint C4
    @(13.0000 mm, 74.0000 mm): Footprint C2
[courtyards_overlap]: Courtyards overlap
    Rule: board setup constraints courtyard; error
    @(16.0000 mm, 74.0000 mm): Footprint C4
    @(19.0000 mm, 74.0000 mm): Footprint C5
[courtyards_overlap]: Courtyards overlap
    Rule: board setup constraints courtyard; error
    @(12.4600 mm, 93.0000 mm): Footprint PS1
    @(10.0000 mm, 100.0000 mm): Footprint R12
[courtyards_overlap]: Courtyards overlap
    Rule: board setup constraints courtyard; error
    @(12.4600 mm, 93.0000 mm): Footprint PS1
    @(13.0000 mm, 100.0000 mm): Footprint R15
[courtyards_overlap]: Courtyards overlap
    Rule: board setup constraints courtyard; error
    @(24.0000 mm, 80.0000 mm): Footprint C3
    @(12.4600 mm, 81.0000 mm): Footprint PS2
[courtyards_overlap]: Courtyards overlap
    Rule: board setup constraints courtyard; error
    @(83.2500 mm, 116.0000 mm): Footprint J2
    @(78.2500 mm, 111.0000 mm): Footprint R2
[courtyards_overlap]: Courtyards overlap
    Rule: board setup constraints courtyard; error
    @(57.0000 mm, 111.0000 mm): Footprint R6
    @(52.0000 mm, 116.0000 mm): Footprint J4
[courtyards_overlap]: Courtyards overlap
    Rule: board setup constraints courtyard; error
    @(12.4600 mm, 81.0000 mm): Footprint PS2
    @(23.0000 mm, 86.0000 mm): Footprint R14
[silk_edge_clearance]: Silkscreen clipped by board edge
    Rule: board setup constraints silk; warning
    @(7.5000 mm, 120.1000 mm): Segment on Edge.Cuts
    @(3.3000 mm, 51.4000 mm): Segment of J1 on F.Silkscreen
[silk_edge_clearance]: Silkscreen clipped by board edge
    Rule: board setup constraints silk; warning
    @(7.5000 mm, 120.1000 mm): Segment on Edge.Cuts
    @(10.5500 mm, 60.4000 mm): Segment of J1 on F.Silkscreen
[silk_over_copper]: Silkscreen clipped by solder mask
    Local override; warning
    @(14.0000 mm, 73.9000 mm): Segment of C4 on F.Silkscreen
[silk_over_copper]: Silkscreen clipped by solder mask
    Local override; warning
    @(14.0000 mm, 74.1000 mm): Segment of C4 on F.Silkscreen
[silk_over_copper]: Silkscreen clipped by solder mask
    Local override; warning
    @(14.0000 mm, 74.0000 mm): Arc of C4 on F.Silkscreen
[silk_over_copper]: Silkscreen clipped by solder mask
    Local override; warning
    @(14.0000 mm, 74.0000 mm): Arc of C4 on F.Silkscreen
[silk_over_copper]: Silkscreen clipped by solder mask
    Local override; warning
    @(53.9800 mm, 52.0000 mm): Segment of L6 on F.Silkscreen
[silk_over_copper]: Silkscreen clipped by solder mask
    Local override; warning
    @(22.0000 mm, 79.5600 mm): Segment of PS2 on F.Silkscreen
[silk_over_copper]: Silkscreen clipped by solder mask
    Local override; warning
    @(79.7300 mm, 55.0000 mm): Segment of L2 on F.Silkscreen
[silk_over_copper]: Silkscreen clipped by solder mask
    Local override; warning
    @(116.4800 mm, 52.0000 mm): Segment of L4 on F.Silkscreen
[solder_mask_bridge]: Front solder mask aperture bridges items with different nets
    Rule: board setup solder mask min width; error
    @(119.7810 mm, 59.0000 mm): Track [GND] on F.Cu, length 0.8500 mm
    @(119.2190 mm, 59.0000 mm): Pad 1 [Net-(U4-LNA_IN)] of C23 on F.Cu
[solder_mask_bridge]: Front solder mask aperture bridges items with different nets
    Rule: board setup solder mask min width; error
    @(119.2190 mm, 59.0000 mm): Pad 1 [Net-(U4-LNA_IN)] of C23 on F.Cu
    @(119.7810 mm, 59.0000 mm): Pad 2 [GND] of C23 on F.Cu
[solder_mask_bridge]: Front solder mask aperture bridges items with different nets
    Rule: board setup solder mask min width; error
    @(56.2190 mm, 51.0000 mm): Pad 1 [Net-(C36-Pad1)] of C36 on F.Cu
    @(56.7810 mm, 51.0000 mm): Pad 2 [GND] of C36 on F.Cu
[solder_mask_bridge]: Front solder mask aperture bridges items with different nets
    Rule: board setup solder mask min width; error
    @(56.7190 mm, 59.0000 mm): Pad 1 [Net-(U5-LNA_IN)] of C35 on F.Cu
    @(57.2810 mm, 59.0000 mm): Pad 2 [GND] of C35 on F.Cu
[solder_mask_bridge]: Front solder mask aperture bridges items with different nets
    Rule: board setup solder mask min width; error
    @(118.7190 mm, 51.0000 mm): Pad 1 [Net-(C24-Pad1)] of C24 on F.Cu
    @(119.2810 mm, 51.0000 mm): Pad 2 [GND] of C24 on F.Cu
[solder_mask_bridge]: Front solder mask aperture bridges items with different nets
    Rule: board setup solder mask min width; error
    @(79.4690 mm, 58.0000 mm): Pad 1 [Net-(U3-LNA_IN)] of C16 on F.Cu
    @(80.0310 mm, 58.0000 mm): Pad 2 [GND] of C16 on F.Cu
[solder_mask_bridge]: Front solder mask aperture bridges items with different nets
    Rule: board setup solder mask min width; error
    @(86.4690 mm, 58.0000 mm): Pad 1 [Net-(C17-Pad1)] of C18 on F.Cu
    @(87.0310 mm, 58.0000 mm): Pad 2 [GND] of C18 on F.Cu
[silk_overlap]: Silkscreen overlap
    Rule: board setup constraints silk; warning
    @(50.5268 mm, 41.3482 mm): Footprint text of U2 (*)
    @(50.5268 mm, 41.3482 mm): Footprint text of U2 (*)
[silk_overlap]: Silkscreen overlap
    Rule: board setup constraints silk; warning
    @(79.7829 mm, 60.0000 mm): Footprint text of U3 (*)
    @(79.7829 mm, 60.0000 mm): Footprint text of U3 (*)
[silk_overlap]: Silkscreen overlap
    Rule: board setup constraints silk; warning
    @(111.0329 mm, 60.0000 mm): Footprint text of U4 (*)
    @(111.0329 mm, 60.0000 mm): Footprint text of U4 (*)
[silk_overlap]: Silkscreen overlap
    Rule: board setup constraints silk; warning
    @(119.3979 mm, 75.2434 mm): Footprint text of SW5 (*)
    @(119.3979 mm, 75.2434 mm): Footprint text of SW5 (*)
[silk_overlap]: Silkscreen overlap
    Rule: board setup constraints silk; warning
    @(113.0268 mm, 41.3482 mm): Footprint text of U1 (*)
    @(113.0268 mm, 41.3482 mm): Footprint text of U1 (*)
[silk_overlap]: Silkscreen overlap
    Rule: board setup constraints silk; warning
    @(101.3979 mm, 75.2434 mm): Footprint text of SW2 (*)
    @(101.3979 mm, 75.2434 mm): Footprint text of SW2 (*)
[silk_overlap]: Silkscreen overlap
    Rule: board setup constraints silk; warning
    @(88.1479 mm, 75.2434 mm): Footprint text of SW4 (*)
    @(88.1479 mm, 75.2434 mm): Footprint text of SW4 (*)
[silk_overlap]: Silkscreen overlap
    Rule: board setup constraints silk; warning
    @(38.8979 mm, 75.2434 mm): Footprint text of SW3 (*)
    @(38.8979 mm, 75.2434 mm): Footprint text of SW3 (*)
[silk_overlap]: Silkscreen overlap
    Rule: board setup constraints silk; warning
    @(56.8979 mm, 75.2434 mm): Footprint text of SW6 (*)
    @(56.8979 mm, 75.2434 mm): Footprint text of SW6 (*)
[silk_overlap]: Silkscreen overlap
    Rule: board setup constraints silk; warning
    @(70.1479 mm, 75.2434 mm): Footprint text of SW1 (*)
    @(70.1479 mm, 75.2434 mm): Footprint text of SW1 (*)
[silk_overlap]: Silkscreen overlap
    Rule: board setup constraints silk; warning
    @(48.5329 mm, 60.0000 mm): Footprint text of U5 (*)
    @(48.5329 mm, 60.0000 mm): Footprint text of U5 (*)

** Found 14 unconnected pads **
[unconnected_items]: Missing connection between items
    Local override; error
    @(7.5000 mm, 1.6000 mm): Zone [GND] on F.Cu, priority 0
    @(7.5000 mm, 1.6000 mm): Zone [GND] on F.Cu, priority 0
[unconnected_items]: Missing connection between items
    Local override; error
    @(7.5000 mm, 1.6000 mm): Zone [GND] on F.Cu, priority 0
    @(7.5000 mm, 1.6000 mm): Zone [GND] on F.Cu, priority 0
[unconnected_items]: Missing connection between items
    Local override; error
    @(7.5000 mm, 1.6000 mm): Zone [GND] on F.Cu, priority 0
    @(7.5000 mm, 1.6000 mm): Zone [GND] on B.Cu, priority 0
[unconnected_items]: Missing connection between items
    Local override; error
    @(7.5000 mm, 1.6000 mm): Zone [GND] on F.Cu, priority 0
    @(7.5000 mm, 1.6000 mm): Zone [GND] on F.Cu, priority 0
[unconnected_items]: Missing connection between items
    Local override; error
    @(7.5000 mm, 1.6000 mm): Zone [GND] on F.Cu, priority 0
    @(7.5000 mm, 1.6000 mm): Zone [GND] on F.Cu, priority 0
[unconnected_items]: Missing connection between items
    Local override; error
    @(116.9510 mm, 63.2772 mm): Track [/Power2] on F.Cu, length 0.4728 mm
    @(115.5000 mm, 66.5000 mm): Pad 1 [/Power2] of C14 on F.Cu
[unconnected_items]: Missing connection between items
    Local override; error
    @(53.0000 mm, 66.5000 mm): Track [/Power2] on F.Cu, length 0.5500 mm
    @(54.4511 mm, 63.7500 mm): Pad 17 [/Power2] of U5 on F.Cu
[unconnected_items]: Missing connection between items
    Local override; error
    @(50.7500 mm, 58.8893 mm): Track [/Power2] on F.Cu, length 0.6596 mm
    @(54.4511 mm, 63.2500 mm): Track [/Power2] on F.Cu, length 0.5000 mm
[unconnected_items]: Missing connection between items
    Local override; error
    @(80.8500 mm, 110.0280 mm): Track [/VBUS1] on F.Cu, length 2.4860 mm
    @(85.6500 mm, 112.5142 mm): Pad B4-A9 [/VBUS1] of J2 on F.Cu
[unconnected_items]: Missing connection between items
    Local override; error
    @(112.1000 mm, 90.6853 mm): Track [/VBUS2] on F.Cu, length 21.8287 mm
    @(116.9000 mm, 112.5142 mm): Pad B4-A9 [/VBUS2] of J3 on F.Cu
[unconnected_items]: Missing connection between items
    Local override; error
    @(49.6000 mm, 112.5140 mm): Track [/VBUS3] on F.Cu, length 21.8063 mm
    @(54.4000 mm, 112.5142 mm): Pad B4-A9 [/VBUS3] of J4 on F.Cu
[unconnected_items]: Missing connection between items
    Local override; error
    @(84.0000 mm, 64.4511 mm): Pad 14 [/ControlA] of U3 on F.Cu
    @(86.9400 mm, 53.2128 mm): Track [/ControlA] on B.Cu, length 1.1178 mm
[unconnected_items]: Missing connection between items
    Local override; error
    @(24.4172 mm, 86.8081 mm): Track [/Power1] on F.Cu, length 1.1428 mm
    @(32.4412 mm, 81.0000 mm): Pad 1 [/Power1] of R20 on F.Cu
[unconnected_items]: Missing connection between items
    Local override; error
    @(32.4412 mm, 81.0000 mm): Pad 1 [/Power1] of R20 on F.Cu
    @(76.5500 mm, 70.0000 mm): Track [/Power1] on F.Cu, length 0.8967 mm

** Found 0 Footprint errors **

** End of Report **
